GAMS 24.9.1  r63795 Released Aug 30, 2017 WEX-WEI x86 64bit/MS Windows                                                                                                                                                                 02/20/24 00:51:13 Page 1
G e n e r a l   A l g e b r a i c   M o d e l i n g   S y s t e m
C o m p i l a t i o n


GDXIN   c:\Users\youse\OneDrive\Documents\GitHub\VNF-python\input.gdx
   2  $load i=CNFNameSet
****        $140
   3   
   4  Sets
   5      i;  $* Reading the set from input.gdx
****          $409
   6   
   7  Parameters
   8      cost(i);  $* Define cost parameter for each i
****                $409                       $2   $7,140,36
   9  $load cost  $* Assuming cost is loaded from input.gdx if defined there
****      $509   $492
  10   
  11  Variables
****          $36,119,2,441,2,119,442,10,349
  12      x(i)  $* Decision variables for each item in the set
****            $97
  13      z;  $* Objective variable representing total cost
****          $8,409
  14   
  15  Positive Variable x;
  16   
  17  Equations
  18      CostObjective;  $* Objective function to minimize cost
****                      $409
  19   
  20  CostObjective..
****              $195,96
  21      z =e= sum(i, cost(i)*x(i));  $* Minimize total cost
****      $195,97         $195$96      $409
  22   
  23  Model simpleLPModel /all/;
  24  Solve simpleLPModel using lp minimizing z;
****                                           $257
  25   
GAMS 24.9.1  r63795 Released Aug 30, 2017 WEX-WEI x86 64bit/MS Windows                                                                                                                                                                 02/20/24 00:51:13 Page 2
G e n e r a l   A l g e b r a i c   M o d e l i n g   S y s t e m
Error Messages


  2  Identifier expected
  7  '(' expected
  8  ')' expected
 10  ',' expected
 36  '=' or '..' or ':=' or '$=' operator expected
     rest of statement ignored
 96  Blank needed between identifier and text
       (-or- illegal character in identifier)
       (-or- check for missing ';' on previous line)
 97  Explanatory text can not start with '$', '=', or '..'
       (-or- check for missing ';' on previous line)
119  Number (primary) expected
140  Unknown symbol
195  Symbol redefined with a different type
257  Solve statement not checked because of previous errors
349  Declaration not allowed inside a LOOP or IF statement
409  Unrecognizable item - skip to find a new statement
       looking for a ';' or a key word to get started again
441  Expected TO or DOWNTO. The general syntax of a FOR statement is
       FOR ( i = start TO/DOWNTO end [BY increment] , statements )
442  Expected a ',' or BY. The general syntax of a FOR statement is
       FOR ( i = start TO/DOWNTO end [BY increment] , statements )
492  Symbol not in GDX
509  Dollar control statements are processed during compilation
        and NOT during execution. The use of dollar statements
        that change data may be misleading when inside a LOOP
        or IF statement.

**** 29 ERROR(S)   1 WARNING(S)
GAMS 24.9.1  r63795 Released Aug 30, 2017 WEX-WEI x86 64bit/MS Windows                                                                                                                                                                 02/20/24 00:51:13 Page 3
G e n e r a l   A l g e b r a i c   M o d e l i n g   S y s t e m
Include File Summary


   SEQ   GLOBAL TYPE      PARENT   LOCAL  FILENAME

     1        1 INPUT          0       0  c:\Users\youse\OneDrive\Documents\GitHub\VNF-python\model.gms
     2        1 GDXIN          1       1  c:\Users\youse\OneDrive\Documents\GitHub\VNF-python\input.gdx
     3       26 GDXOUT         1      26  c:\Users\youse\OneDrive\Documents\GitHub\VNF-python\output.gdx
     4       28 GDXOUT         1      28  c:\Users\youse\OneDrive\Documents\GitHub\VNF-python\off.gdx


COMPILATION TIME     =        0.016 SECONDS      2 MB  24.9.1 r63795 WEX-WEI


USER: Mohamad Awad                                   G151015:1146AO-GEN
      Kuwait University, Computer Engineering                   DC12067
      License for teaching and research at degree granting institutions


**** FILE SUMMARY

Input      c:\Users\youse\OneDrive\Documents\GitHub\VNF-python\model.gms
Output     c:\Users\youse\OneDrive\Documents\GitHub\VNF-python\_gams_py_gjo0.lst

**** USER ERROR(S) ENCOUNTERED
