GAMS 24.9.1  r63795 Released Aug 30, 2017 WEX-WEI x86 64bit/MS Windows                                                                                                                                                                 02/19/24 21:54:20 Page 1
G e n e r a l   A l g e b r a i c   M o d e l i n g   S y s t e m
C o m p i l a t i o n


   1  OPTION limrow = 100;
   2  OPTION limcol = 100;
   3   
   4  SETS
   5      VNFs         "Set of VNFs"
   6      Apps         "Set of IoT Apps"
   7      Servers      "Set of Servers"
   8      Users        "Set of Users";
   9   
  10  ALIAS (Servers, Servers2);
  11  ALIAS (VNFs, VNFs2, VNFs3);
  12   
  13  PARAMETERS
  14      Topology(Servers, Servers2)        "Topology with bidirectional links"
  15      LinkDelay(Servers, Servers2)       "Link delays"
  16      App_Definition(VNFs, Apps)         "VNFs -> Apps relation and order"
  17      CPU_Req(VNFs)                      "VNF CPU requirements"
  18      BW_Req(Apps)                       "App bandwidth requirements"
  19      Users_AP(Users, Servers)           "User -> AP Association"
  20      Users_App(Users, Apps)             "User -> App Association"
  21      HostUtilizationCap(Servers)        "Server Utilization Capacity"
  22      LinkCap(Servers, Servers2)         "Max link capacity"
  23      UserBW(Users)                      "User bandwidth requirements"
  24      UserSC(VNFs, Users)                "User to VNF association"
  25      SCs(Users, VNFs, VNFs2)            "Service Chains";
  26   
  27  PARAMETER M /1000000/;
  28   
GDXIN   c:\Users\youse\OneDrive\Documents\GitHub\VNF-python\data.gdx
--- LOAD  VNFs = 4:VNFs
--- LOAD  Apps = 1:Apps
--- LOAD  Servers = 3:Servers
--- LOAD  HostUtilizationCap = 7:HostUtilizationCap
--- LOAD  Users = 2:Users
--- LOAD  Users_AP = 5:Users_AP
--- LOAD  Users_App = 6:Users_App
  30  $LOAD VNFs Apps Servers HostUtilizationCap Users Users_AP Users_App Topology LinkDelay App_Definition BW_Req CPU_Req LinkCap UserBW UserSC SCs
****                                                                              $495      $495           $492   $492    $492    $492   $492   $492,492
  31   
  32  VARIABLES
  33      z                                   "Objective function"
  34      V(Servers, VNFs)                    "Server-VNF mapping"
  35      X(Servers, Users, VNFs)             "Server-SFC-VNF mapping"
  36      BW(Servers, Servers2, Users, VNFs, VNFs2) "Bandwidth on virtual links";
  37   
  38  BINARY VARIABLES
  39      V(Servers, VNFs),
  40      X(Servers, Users, VNFs);
  41   
  42  POSITIVE VARIABLES
  43      BW(Servers, Servers2, Users, VNFs, VNFs2);
  44   
  45  EQUATIONS
GAMS 24.9.1  r63795 Released Aug 30, 2017 WEX-WEI x86 64bit/MS Windows                                                                                                                                                                 02/19/24 21:54:20 Page 2
G e n e r a l   A l g e b r a i c   M o d e l i n g   S y s t e m
C o m p i l a t i o n


  46      Obj
  47      DemandSatisfaction(Users, VNFs)
  48      ActivateServer(Servers, Users, VNFs)
  49      SeverLoad(Servers)
  50      FlowRouting(Users, Servers, VNFs, VNFs2)
  51      Forcing(Servers, Users, VNFs)
  52      SingleFlow(Servers, Users);
  53   
  54  * Objective function to minimize costs
  55  Obj..
  56      z =e= SUM((Servers, VNFs), V(Servers, VNFs) * HostUtilizationCap(Servers)) + SUM((Servers, Servers2, Users, VNFs, VNFs2), BW(Servers, Servers2, Users, VNFs, VNFs2) * LinkCap(Servers, Servers2));
  57   
  58  * Ensure demand satisfaction for each user and VNF combination
  59  DemandSatisfaction(Users, VNFs)..
  60      SUM(Servers, X(Servers, Users, VNFs)) =e= SUM(Apps, App_Definition(VNFs, Apps));
  61   
  62  * Server activation based on VNF deployment
  63  ActivateServer(Servers, Users, VNFs)..
  64      SUM(VNFs, V(Servers, VNFs)) =g= 1;
****              $125
  65   
  66  * Enforce server load does not exceed capacity
  67  SeverLoad(Servers)..
  68      SUM(VNFs, V(Servers, VNFs) * CPU_Req(VNFs)) =l= HostUtilizationCap(Servers);
  69   
  70  * Define more equations as needed
  71   
  72  MODEL VNFs_Placement /all/;
  73  SOLVE VNFs_Placement USING MIP MINIMIZING z;
****                                             $257
  74   
  76  $UNLOAD V L X L BW L
****            $140$140 $140
GAMS 24.9.1  r63795 Released Aug 30, 2017 WEX-WEI x86 64bit/MS Windows                                                                                                                                                                 02/19/24 21:54:20 Page 3
G e n e r a l   A l g e b r a i c   M o d e l i n g   S y s t e m
Error Messages


125  Set is under control already
140  Unknown symbol
257  Solve statement not checked because of previous errors
492  Symbol not in GDX
495  Load dimensions are different

**** 14 ERROR(S)   0 WARNING(S)
GAMS 24.9.1  r63795 Released Aug 30, 2017 WEX-WEI x86 64bit/MS Windows                                                                                                                                                                 02/19/24 21:54:20 Page 4
G e n e r a l   A l g e b r a i c   M o d e l i n g   S y s t e m
Include File Summary


   SEQ   GLOBAL TYPE      PARENT   LOCAL  FILENAME

     1        1 INPUT          0       0  c:\Users\youse\OneDrive\Documents\GitHub\VNF-python\m2.gms
     2       29 GDXIN          1      29  c:\Users\youse\OneDrive\Documents\GitHub\VNF-python\data.gdx
     3       75 GDXOUT         1      75  c:\Users\youse\OneDrive\Documents\GitHub\VNF-python\Optimization_output.gdx


COMPILATION TIME     =        0.016 SECONDS      3 MB  24.9.1 r63795 WEX-WEI


USER: Mohamad Awad                                   G151015:1146AO-GEN
      Kuwait University, Computer Engineering                   DC12067
      License for teaching and research at degree granting institutions


**** FILE SUMMARY

Input      c:\Users\youse\OneDrive\Documents\GitHub\VNF-python\m2.gms
Output     c:\Users\youse\OneDrive\Documents\GitHub\VNF-python\m2.lst

**** USER ERROR(S) ENCOUNTERED
