GAMS 24.9.1  r63795 Released Aug 30, 2017 WEX-WEI x86 64bit/MS Windows                                                                                                                                                                 02/27/24 11:48:11 Page 1
G e n e r a l   A l g e b r a i c   M o d e l i n g   S y s t e m
C o m p i l a t i o n


      This GAMS file reads the input GDX file, solves the model, and creates the output GDX file.
   4   
   5  set nodes / Node1, Node2 /;
   6  parameter capacity(nodes);
   7   
      Read input GDX file
  11   
GDXIN   c:\Users\youse\OneDrive\Documents\GitHub\VNF-python\input.gdx
--- MERGE nodes = 1:nodes
--- LOAD  capacity = 2:capacity
  13  $load nodes capacity
****             $194
  15   
  16  display capacity;
  17   
      Define parameters for the LP model
  21   
  22  parameter a / 2 /;
  23  parameter b / 3 /;
  24   
      Define LP model
  28   
  29  * Define variables
  30  variables
  31      x(nodes);
  32   
  33  * Define equations
  34  equations
  35      objective;
  36   
  37  * Define objective function
  38  objective..
  39      z =e= a * b * sum(nodes, x(nodes));
****      $140
  40   
  41  * Define constraints (if any)
  42  *constraints
  43  *    constraint1..
  44  *        sum(nodes, x(nodes)) =l= 10;
  45   
  46  * Solve LP model
  47  * Model type: LP (Linear Programming)
  48  model lp_model /all/;
  49  solve lp_model using lp maximizing z;
****                                      $257
  50   
      Create output GDX file
  54   
  55  set nodes / Node1, Node2 /;
****           $194
  56  parameter solution(nodes);
  57   
  58  * Read solved model results
GAMS 24.9.1  r63795 Released Aug 30, 2017 WEX-WEI x86 64bit/MS Windows                                                                                                                                                                 02/27/24 11:48:11 Page 2
G e n e r a l   A l g e b r a i c   M o d e l i n g   S y s t e m
C o m p i l a t i o n


  59  solution(nodes) = x.l;
****                      $141,148
  60   
  61  * Export results to output GDX file
GAMS 24.9.1  r63795 Released Aug 30, 2017 WEX-WEI x86 64bit/MS Windows                                                                                                                                                                 02/27/24 11:48:11 Page 3
G e n e r a l   A l g e b r a i c   M o d e l i n g   S y s t e m
Error Messages


140  Unknown symbol
141  Symbol declared but no values have been assigned. Check for missing
        data definition, assignment, data loading or implicit assignment
        via a solve statement.
        A wild shot: You may have spurious commas in the explanatory
        text of a declaration. Check symbol reference list.
148  Dimension different - The symbol is referenced with more/less
        indices as declared
194  Symbol redefined - a second data statement for the same symbol
        or a data statement after an assignment
257  Solve statement not checked because of previous errors

**** 6 ERROR(S)   0 WARNING(S)
GAMS 24.9.1  r63795 Released Aug 30, 2017 WEX-WEI x86 64bit/MS Windows                                                                                                                                                                 02/27/24 11:48:11 Page 4
G e n e r a l   A l g e b r a i c   M o d e l i n g   S y s t e m
Include File Summary


   SEQ   GLOBAL TYPE      PARENT   LOCAL  FILENAME

     1        1 INPUT          0       0  c:\Users\youse\OneDrive\Documents\GitHub\VNF-python\test_model.gms
     2       12 GDXIN          1      12  c:\Users\youse\OneDrive\Documents\GitHub\VNF-python\input.gdx
     3       62 GDXOUT         1      62  c:\Users\youse\OneDrive\Documents\GitHub\VNF-python\output.gdx


COMPILATION TIME     =        0.016 SECONDS      3 MB  24.9.1 r63795 WEX-WEI


USER: Mohamad Awad                                   G151015:1146AO-GEN
      Kuwait University, Computer Engineering                   DC12067
      License for teaching and research at degree granting institutions


**** FILE SUMMARY

Input      c:\Users\youse\OneDrive\Documents\GitHub\VNF-python\test_model.gms
Output     c:\Users\youse\OneDrive\Documents\GitHub\VNF-python\test_model.lst

**** USER ERROR(S) ENCOUNTERED
